{
  "Query": "SELECT Studio.Name, Studio.Name.FirstName, Studio.Employees[3] FROM gamescores WHERE UserId = :UserId",
  "AST": {
    "Projection": {
      "All": false,
      "Columns": [
        {
          "Function": null,
          "DocumentPath": {
            "Fragment": [
              {
                "Symbol": "Studio",
                "Indexes": null
              },
              {
                "Symbol": "Name",
                "Indexes": null
              }
            ]
          }
        },
        {
          "Function": null,
          "DocumentPath": {
            "Fragment": [
              {
                "Symbol": "Studio",
                "Indexes": null
              },
              {
                "Symbol": "Name",
                "Indexes": null
              },
              {
                "Symbol": "FirstName",
                "Indexes": null
              }
            ]
          }
        },
        {
          "Function": null,
          "DocumentPath": {
            "Fragment": [
              {
                "Symbol": "Studio",
                "Indexes": null
              },
              {
                "Symbol": "Employees",
                "Indexes": [
                  3
                ]
              }
            ]
          }
        }
      ]
    },
    "From": "gamescores",
    "Where": {
      "And": [
        {
          "Parenthesized": null,
          "Not": null,
          "Operand": {
            "Operand": {
              "Symbol": "UserId"
            },
            "ConditionRHS": {
              "Compare": {
                "Operator": "=",
                "Operand": {
                  "Value": {
                    "PlaceHolder": ":UserId",
                    "Number": null,
                    "String": null,
                    "Boolean": null,
                    "Null": false
                  },
                  "SymbolRef": null
                }
              },
              "Between": null,
              "In": null
            }
          },
          "Function": null
        }
      ]
    },
    "Limit": null
  }
}
