{
  "Query": "SELECT document(UserId, TopScore, Scores[3], Scores[3][2], Studio.Name, Studio.Location.Country, Studio.Employees[3]) FROM gamescores WHERE UserId = :UserId",
  "AST": {
    "Projection": {
      "All": false,
      "Columns": [
        {
          "Function": {
            "Function": "document",
            "Args": [
              {
                "DocumentPath": {
                  "Fragment": [
                    {
                      "Symbol": "UserId",
                      "Indexes": null
                    }
                  ]
                },
                "Value": null
              },
              {
                "DocumentPath": {
                  "Fragment": [
                    {
                      "Symbol": "TopScore",
                      "Indexes": null
                    }
                  ]
                },
                "Value": null
              },
              {
                "DocumentPath": {
                  "Fragment": [
                    {
                      "Symbol": "Scores",
                      "Indexes": [
                        3
                      ]
                    }
                  ]
                },
                "Value": null
              },
              {
                "DocumentPath": {
                  "Fragment": [
                    {
                      "Symbol": "Scores",
                      "Indexes": [
                        3,
                        2
                      ]
                    }
                  ]
                },
                "Value": null
              },
              {
                "DocumentPath": {
                  "Fragment": [
                    {
                      "Symbol": "Studio",
                      "Indexes": null
                    },
                    {
                      "Symbol": "Name",
                      "Indexes": null
                    }
                  ]
                },
                "Value": null
              },
              {
                "DocumentPath": {
                  "Fragment": [
                    {
                      "Symbol": "Studio",
                      "Indexes": null
                    },
                    {
                      "Symbol": "Location",
                      "Indexes": null
                    },
                    {
                      "Symbol": "Country",
                      "Indexes": null
                    }
                  ]
                },
                "Value": null
              },
              {
                "DocumentPath": {
                  "Fragment": [
                    {
                      "Symbol": "Studio",
                      "Indexes": null
                    },
                    {
                      "Symbol": "Employees",
                      "Indexes": [
                        3
                      ]
                    }
                  ]
                },
                "Value": null
              }
            ]
          },
          "DocumentPath": null
        }
      ]
    },
    "From": "gamescores",
    "Where": {
      "And": [
        {
          "Parenthesized": null,
          "Not": null,
          "Operand": {
            "Operand": {
              "Fragment": [
                {
                  "Symbol": "UserId",
                  "Indexes": null
                }
              ]
            },
            "ConditionRHS": {
              "Compare": {
                "Operator": "=",
                "Operand": {
                  "Value": {
                    "PlaceHolder": ":UserId",
                    "Number": null,
                    "String": null,
                    "Boolean": null,
                    "Null": false
                  },
                  "SymbolRef": null
                }
              },
              "Between": null,
              "In": null
            }
          },
          "Function": null
        }
      ]
    },
    "Limit": null
  }
}
