{
  "Query": "SELECT title, year FROM movies",
  "AST": {
    "Projection": {
      "All": false,
      "Columns": [
        {
          "DocumentPath": {
            "Fragment": [
              {
                "Symbol": "title"
              }
            ]
          },
          "Function": null
        },
        {
          "DocumentPath": {
            "Fragment": [
              {
                "Symbol": "year"
              }
            ]
          },
          "Function": null
        }
      ]
    },
    "From": "movies",
    "Where": null,
    "Limit": null
  }
}
