{
  "Query": "SELECT * FROM movies WHERE title = :title AND begins_with(actor, \"Will\")",
  "AST": {
    "Projection": {
      "All": true,
      "Columns": null
    },
    "From": "movies",
    "Index": null,
    "Where": {
      "And": [
        {
          "Parenthesized": null,
          "Not": null,
          "Operand": {
            "Operand": {
              "Fragment": [
                {
                  "Symbol": "title",
                  "Indexes": null
                }
              ]
            },
            "ConditionRHS": {
              "Compare": {
                "Operator": "=",
                "Operand": {
                  "Value": {
                    "PlaceHolder": ":title",
                    "Number": null,
                    "String": null,
                    "Boolean": null,
                    "Null": false
                  },
                  "SymbolRef": null
                }
              },
              "Between": null,
              "In": null
            }
          },
          "Function": null
        },
        {
          "Parenthesized": null,
          "Not": null,
          "Operand": null,
          "Function": {
            "Function": "begins_with",
            "Args": [
              {
                "DocumentPath": {
                  "Fragment": [
                    {
                      "Symbol": "actor",
                      "Indexes": null
                    }
                  ]
                },
                "Value": null
              },
              {
                "DocumentPath": null,
                "Value": {
                  "PlaceHolder": null,
                  "Number": null,
                  "String": "Will",
                  "Boolean": null,
                  "Null": false
                }
              }
            ]
          }
        }
      ]
    },
    "Limit": null
  }
}
