{
  "Query": "SELECT title, year FROM movies WHERE title = \"The Dark Knight\" AND year \u003e= 2009",
  "AST": {
    "Expression": {
      "All": false,
      "Projections": [
        "title",
        "year"
      ]
    },
    "From": {
      "Table": "movies",
      "Where": {
        "And": [
          {
            "Parenthesized": null,
            "Not": null,
            "Operand": {
              "Operand": {
                "Value": {
                  "PlaceHolder": null,
                  "Number": null,
                  "String": null,
                  "Boolean": null,
                  "Null": false
                },
                "SymbolRef": {
                  "Symbol": "title"
                }
              },
              "ConditionRHS": {
                "Compare": {
                  "Operator": "=",
                  "Operand": {
                    "Value": {
                      "PlaceHolder": null,
                      "Number": null,
                      "String": "The Dark Knight",
                      "Boolean": null,
                      "Null": false
                    },
                    "SymbolRef": null
                  }
                },
                "Between": null,
                "In": null
              }
            },
            "Function": null
          },
          {
            "Parenthesized": null,
            "Not": null,
            "Operand": {
              "Operand": {
                "Value": {
                  "PlaceHolder": null,
                  "Number": null,
                  "String": null,
                  "Boolean": null,
                  "Null": false
                },
                "SymbolRef": {
                  "Symbol": "year"
                }
              },
              "ConditionRHS": {
                "Compare": {
                  "Operator": "\u003e=",
                  "Operand": {
                    "Value": {
                      "PlaceHolder": null,
                      "Number": 2009,
                      "String": null,
                      "Boolean": null,
                      "Null": false
                    },
                    "SymbolRef": null
                  }
                },
                "Between": null,
                "In": null
              }
            },
            "Function": null
          }
        ]
      }
    },
    "Limit": null
  }
}