{
  "Query": "SELECT title, year FROM movies WHERE title = \"The Dark Knight\"",
  "AST": {
    "Projection": {
      "All": false,
      "Projections": [
        "title",
        "year"
      ]
    },
    "From": "movies",
    "Where": {
      "And": [
        {
          "Parenthesized": null,
          "Not": null,
          "Operand": {
            "Operand": {
              "Symbol": "title"
            },
            "ConditionRHS": {
              "Compare": {
                "Operator": "=",
                "Operand": {
                  "Value": {
                    "PlaceHolder": null,
                    "Number": null,
                    "String": "The Dark Knight",
                    "Boolean": null,
                    "Null": false
                  },
                  "SymbolRef": null
                }
              },
              "Between": null,
              "In": null
            }
          },
          "Function": null
        }
      ]
    },
    "Limit": null
  }
}
