{
  "Query": "SELECT * FROM movies USE INDEX (some_index) WHERE UserId = :UserId",
  "AST": {
    "Projection": {
      "All": true,
      "Columns": null
    },
    "From": "movies",
    "Index": "some_index",
    "Where": {
      "And": [
        {
          "Parenthesized": null,
          "Not": null,
          "Operand": {
            "Operand": {
              "Fragment": [
                {
                  "Symbol": "UserId",
                  "Indexes": null
                }
              ]
            },
            "ConditionRHS": {
              "Compare": {
                "Operator": "=",
                "Operand": {
                  "Value": {
                    "PlaceHolder": ":UserId",
                    "PositionalPlaceholder": null,
                    "Number": null,
                    "String": null,
                    "Boolean": null,
                    "Null": false
                  },
                  "SymbolRef": null
                }
              },
              "Between": null,
              "In": null
            }
          },
          "Function": null
        }
      ]
    },
    "Descending": null,
    "Limit": null
  }
}
