{
  "Query": "SELECT Scores[3], Scores[3][2] FROM gamescores WHERE UserId = :UserId",
  "AST": {
    "Projection": {
      "All": false,
      "Columns": [
        {
          "Function": null,
          "DocumentPath": {
            "Fragment": [
              {
                "Symbol": "Scores",
                "Indexes": [
                  3
                ]
              }
            ]
          }
        },
        {
          "Function": null,
          "DocumentPath": {
            "Fragment": [
              {
                "Symbol": "Scores",
                "Indexes": [
                  3,
                  2
                ]
              }
            ]
          }
        }
      ]
    },
    "From": "gamescores",
    "Index": null,
    "Where": {
      "And": [
        {
          "Parenthesized": null,
          "Not": null,
          "Operand": {
            "Operand": {
              "Fragment": [
                {
                  "Symbol": "UserId",
                  "Indexes": null
                }
              ]
            },
            "ConditionRHS": {
              "Compare": {
                "Operator": "=",
                "Operand": {
                  "Value": {
                    "PlaceHolder": ":UserId",
                    "Number": null,
                    "String": null,
                    "Boolean": null,
                    "Null": false
                  },
                  "SymbolRef": null
                }
              },
              "Between": null,
              "In": null
            }
          },
          "Function": null
        }
      ]
    },
    "Descending": null,
    "Limit": null
  }
}
