{
  "Query": "SELECT * FROM movies WHERE title = :title AND attribute_exists(year)",
  "AST": {
    "Projection": {
      "All": true,
      "Columns": null
    },
    "From": "movies",
    "Where": {
      "And": [
        {
          "Parenthesized": null,
          "Not": null,
          "Operand": {
            "Operand": {
              "Symbol": "title"
            },
            "ConditionRHS": {
              "Compare": {
                "Operator": "=",
                "Operand": {
                  "Value": {
                    "PlaceHolder": ":title",
                    "Number": null,
                    "String": null,
                    "Boolean": null,
                    "Null": false
                  },
                  "SymbolRef": null
                }
              },
              "Between": null,
              "In": null
            }
          },
          "Function": null
        },
        {
          "Parenthesized": null,
          "Not": null,
          "Operand": null,
          "Function": {
            "Function": "attribute_exists",
            "PathArgument": "year",
            "MoreArguments": null
          }
        }
      ]
    },
    "Limit": null
  }
}
