{
  "Query": "SELECT UserId, document(TopScore) FROM gamescores WHERE UserId = :UserId",
  "AST": {
    "Projection": {
      "All": false,
      "Columns": [
        {
          "Function": null,
          "DocumentPath": {
            "Fragment": [
              {
                "Symbol": "UserId",
                "Indexes": null
              }
            ]
          }
        },
        {
          "Function": {
            "Function": "document",
            "Args": [
              {
                "DocumentPath": {
                  "Fragment": [
                    {
                      "Symbol": "TopScore",
                      "Indexes": null
                    }
                  ]
                },
                "Value": null
              }
            ]
          },
          "DocumentPath": null
        }
      ]
    },
    "From": "gamescores",
    "Index": null,
    "Where": {
      "And": [
        {
          "Parenthesized": null,
          "Not": null,
          "Operand": {
            "Operand": {
              "Fragment": [
                {
                  "Symbol": "UserId",
                  "Indexes": null
                }
              ]
            },
            "ConditionRHS": {
              "Compare": {
                "Operator": "=",
                "Operand": {
                  "Value": {
                    "PlaceHolder": ":UserId",
                    "Number": null,
                    "String": null,
                    "Boolean": null,
                    "Null": false
                  },
                  "SymbolRef": null
                }
              },
              "Between": null,
              "In": null
            }
          },
          "Function": null
        }
      ]
    },
    "Limit": null
  }
}
