{
  "Query": "SELECT * FROM movies",
  "AST": {
    "Projection": {
      "All": true,
      "Columns": null
    },
    "From": "movies",
    "Index": null,
    "Where": null,
    "Limit": null
  }
}
