{
  "Query": "SELECT * FROM gamescores WHERE UserId = :UserId AND GameTitle BETWEEN \"Galaxy\" AND \"Meteor\" AND TopScore > :MinTopScore",
  "Request": {
    "AttributesToGet": null,
    "ConditionalOperator": null,
    "ConsistentRead": null,
    "ExclusiveStartKey": null,
    "ExpressionAttributeNames": null,
    "ExpressionAttributeValues": {},
    "FilterExpression": "TopScore > :MinTopScore",
    "IndexName": null,
    "KeyConditionExpression": "UserId = :UserId AND GameTitle BETWEEN Galaxy AND Meteor",
    "KeyConditions": null,
    "Limit": null,
    "ProjectionExpression": null,
    "QueryFilter": null,
    "ReturnConsumedCapacity": null,
    "ScanIndexForward": null,
    "Select": null,
    "TableName": "gamescores"
  }
}
