{
  "Query": "SELECT `foo.bar`, `foo`.`bar` FROM movies WHERE title = :title",
  "Prepared": {
    "Query": {
      "AttributesToGet": null,
      "ConditionalOperator": null,
      "ConsistentRead": null,
      "ExclusiveStartKey": null,
      "ExpressionAttributeNames": {
        "#_gen1": "foo.bar"
      },
      "ExpressionAttributeValues": null,
      "FilterExpression": null,
      "IndexName": null,
      "KeyConditionExpression": "title = :title",
      "KeyConditions": null,
      "Limit": null,
      "ProjectionExpression": "#_gen1, foo.bar",
      "QueryFilter": null,
      "ReturnConsumedCapacity": null,
      "ScanIndexForward": null,
      "Select": null,
      "TableName": "movies"
    },
    "Columns": [
      {
        "Function": null,
        "DocumentPath": {
          "Fragment": [
            {
              "Symbol": "foo.bar",
              "Indexes": null
            }
          ]
        }
      },
      {
        "Function": null,
        "DocumentPath": {
          "Fragment": [
            {
              "Symbol": "foo",
              "Indexes": null
            },
            {
              "Symbol": "bar",
              "Indexes": null
            }
          ]
        }
      }
    ],
    "NamedParams": {
      ":title": {}
    },
    "PositionalParams": {},
    "FixedParams": {}
  }
}
