{
  "Query": "SELECT * FROM gamescores WHERE UserId = ? AND TopScore > ?",
  "Prepared": {
    "Query": {
      "AttributesToGet": null,
      "ConditionalOperator": null,
      "ConsistentRead": null,
      "ExclusiveStartKey": null,
      "ExpressionAttributeNames": null,
      "ExpressionAttributeValues": null,
      "FilterExpression": "TopScore > :_pos2",
      "IndexName": null,
      "KeyConditionExpression": "UserId = :_pos1",
      "KeyConditions": null,
      "Limit": null,
      "ProjectionExpression": null,
      "QueryFilter": null,
      "ReturnConsumedCapacity": null,
      "ScanIndexForward": null,
      "Select": null,
      "TableName": "gamescores"
    },
    "Columns": null,
    "NamedParams": {},
    "PositionalParams": {
      "1": ":_pos1",
      "2": ":_pos2"
    },
    "FixedParams": {}
  }
}
