{
  "Query": "SELECT * FROM gamescores WHERE UserId = :UserId",
  "Prepared": {
    "Query": {
      "AttributesToGet": null,
      "ConditionalOperator": null,
      "ConsistentRead": null,
      "ExclusiveStartKey": null,
      "ExpressionAttributeNames": null,
      "ExpressionAttributeValues": null,
      "FilterExpression": null,
      "IndexName": null,
      "KeyConditionExpression": "UserId = :UserId",
      "KeyConditions": null,
      "Limit": null,
      "ProjectionExpression": null,
      "QueryFilter": null,
      "ReturnConsumedCapacity": null,
      "ScanIndexForward": null,
      "Select": null,
      "TableName": "gamescores"
    },
    "FreeParams": {
      ":UserId": {}
    },
    "FixedParams": {}
  }
}
