{
  "Query": "SELECT document(UserId, TopScore, Scores[3], Scores[3][2], Studio.Name, Studio.Location.Country, Studio.Employees[3]) FROM gamescores WHERE UserId = :UserId",
  "Prepared": {
    "Query": {
      "AttributesToGet": null,
      "ConditionalOperator": null,
      "ConsistentRead": null,
      "ExclusiveStartKey": null,
      "ExpressionAttributeNames": {
        "#Location": "Location",
        "#Name": "Name"
      },
      "ExpressionAttributeValues": null,
      "FilterExpression": null,
      "IndexName": null,
      "KeyConditionExpression": "UserId = :UserId",
      "KeyConditions": null,
      "Limit": null,
      "ProjectionExpression": "UserId, TopScore, Scores[3], Scores[3][2], Studio.#Name, Studio.#Location.Country, Studio.Employees[3]",
      "QueryFilter": null,
      "ReturnConsumedCapacity": null,
      "ScanIndexForward": null,
      "Select": null,
      "TableName": "gamescores"
    },
    "Columns": [
      {
        "Function": {
          "Function": "document",
          "Args": [
            {
              "DocumentPath": {
                "Fragment": [
                  {
                    "Symbol": "UserId",
                    "Indexes": null
                  }
                ]
              },
              "Value": null
            },
            {
              "DocumentPath": {
                "Fragment": [
                  {
                    "Symbol": "TopScore",
                    "Indexes": null
                  }
                ]
              },
              "Value": null
            },
            {
              "DocumentPath": {
                "Fragment": [
                  {
                    "Symbol": "Scores",
                    "Indexes": [
                      3
                    ]
                  }
                ]
              },
              "Value": null
            },
            {
              "DocumentPath": {
                "Fragment": [
                  {
                    "Symbol": "Scores",
                    "Indexes": [
                      3,
                      2
                    ]
                  }
                ]
              },
              "Value": null
            },
            {
              "DocumentPath": {
                "Fragment": [
                  {
                    "Symbol": "Studio",
                    "Indexes": null
                  },
                  {
                    "Symbol": "Name",
                    "Indexes": null
                  }
                ]
              },
              "Value": null
            },
            {
              "DocumentPath": {
                "Fragment": [
                  {
                    "Symbol": "Studio",
                    "Indexes": null
                  },
                  {
                    "Symbol": "Location",
                    "Indexes": null
                  },
                  {
                    "Symbol": "Country",
                    "Indexes": null
                  }
                ]
              },
              "Value": null
            },
            {
              "DocumentPath": {
                "Fragment": [
                  {
                    "Symbol": "Studio",
                    "Indexes": null
                  },
                  {
                    "Symbol": "Employees",
                    "Indexes": [
                      3
                    ]
                  }
                ]
              },
              "Value": null
            }
          ]
        },
        "DocumentPath": null
      }
    ],
    "NamedParams": {
      ":UserId": {}
    },
    "PositionalParams": {},
    "FixedParams": {}
  }
}
