{
  "Query": "SELECT title, year FROM movies WHERE title = :title AND year > 2009 AND escaped = TRUE",
  "Prepared": {
    "Query": {
      "AttributesToGet": null,
      "ConditionalOperator": null,
      "ConsistentRead": null,
      "ExclusiveStartKey": null,
      "ExpressionAttributeNames": {
        "#escaped": "escaped",
        "#year": "year"
      },
      "ExpressionAttributeValues": null,
      "FilterExpression": "#escaped = :_gen2",
      "IndexName": null,
      "KeyConditionExpression": "title = :title AND #year > :_gen1",
      "KeyConditions": null,
      "Limit": null,
      "ProjectionExpression": "title, #year",
      "QueryFilter": null,
      "ReturnConsumedCapacity": null,
      "ScanIndexForward": null,
      "Select": null,
      "TableName": "movies"
    },
    "Columns": [
      {
        "Function": null,
        "DocumentPath": {
          "Fragment": [
            {
              "Symbol": "title",
              "Indexes": null
            }
          ]
        }
      },
      {
        "Function": null,
        "DocumentPath": {
          "Fragment": [
            {
              "Symbol": "year",
              "Indexes": null
            }
          ]
        }
      }
    ],
    "FreeParams": {
      ":title": {}
    },
    "FixedParams": {
      ":_gen1": 2009,
      ":_gen2": true
    }
  }
}
