{
  "Query": "SELECT * FROM gamescores WHERE UserId = \"103\" AND GameTitle BETWEEN \"Galaxy\" AND \"Meteor\" AND TopScore > 1000",
  "Prepared": {
    "Query": {
      "AttributesToGet": null,
      "ConditionalOperator": null,
      "ConsistentRead": null,
      "ExclusiveStartKey": null,
      "ExpressionAttributeNames": null,
      "ExpressionAttributeValues": null,
      "FilterExpression": "TopScore > :_gen4",
      "IndexName": null,
      "KeyConditionExpression": "UserId = :_gen1 AND GameTitle BETWEEN :_gen2 AND :_gen3",
      "KeyConditions": null,
      "Limit": null,
      "ProjectionExpression": null,
      "QueryFilter": null,
      "ReturnConsumedCapacity": null,
      "ScanIndexForward": null,
      "Select": null,
      "TableName": "gamescores"
    },
    "Columns": null,
    "FreeParams": {},
    "FixedParams": {
      ":_gen1": "103",
      ":_gen2": "Galaxy",
      ":_gen3": "Meteor",
      ":_gen4": 1000
    }
  }
}
