{
  "Query": "SELECT * FROM gamescores WHERE UserId = \"101\"",
  "Results": [
    "document",
    "&fixtures.GameScore{UserID: \"101\", GameTitle: \"Galaxy Invaders\", TopScore: 5842, Wins: 21, Losses: 72}",
    "&fixtures.GameScore{UserID: \"101\", GameTitle: \"Meteor Blasters\", TopScore: 1000, Wins: 12, Losses: 3}",
    "&fixtures.GameScore{UserID: \"101\", GameTitle: \"Starship X\", TopScore: 24, Wins: 4, Losses: 9}"
  ]
}
