{
  "Query": "SELECT title, year FROM movies WHERE title = \"World War Z\"",
  "Results": [
    "title,year",
    "World War Z,2013"
  ]
}
